// Jest Snapshot v1, https://goo.gl/fbAQLP

exports[`Header component renders correctly 1`] = `
<View>
  <Text
    style={
      {
        "color": "green",
        "fontSize": 24,
        "fontWeight": "bold",
        "marginBottom": 20,
      }
    }
  >
    React Native ToDo
  </Text>
</View>
`;
